C51 COMPILER V9.01   MAIN                                                                  11/24/2020 20:22:04 PAGE 1   


C51 COMPILER V9.01, COMPILATION OF MODULE MAIN
OBJECT MODULE PLACED IN main.OBJ
COMPILER INVOKED BY: C:\Keil\C51\BIN\C51.EXE main.c BROWSE DEBUG OBJECTEXTEND

line level    source

   1          #include <REGX52.H>
   2          #include "../LibTest/lcd.h"      
*** WARNING C318 IN LINE 2 OF main.c: can't open file '../LibTest/lcd.h'
   3          #include "../LibTest/ds1307.h" 
*** WARNING C318 IN LINE 3 OF main.c: can't open file '../LibTest/ds1307.h'
   4          #include "../LibTest/i2c.h"
*** WARNING C318 IN LINE 4 OF main.c: can't open file '../LibTest/i2c.h'
   5          #include "../LibTest/delay.h"
*** WARNING C318 IN LINE 5 OF main.c: can't open file '../LibTest/delay.h'
   6           
   7          /* main program */
   8          void main() 
   9          {
  10   1         unsigned char sec,min,hour,day,month,year;
  11   1       
  12   1        /* Initilize the lcd */
  13   1          lcd_Init();
*** WARNING C206 IN LINE 13 OF MAIN.C: 'lcd_Init': missing function-prototype
  14   1       
  15   1        /* Initilize the RTC(ds1307)*/
  16   1          ds1307_Init();
*** WARNING C206 IN LINE 16 OF MAIN.C: 'ds1307_Init': missing function-prototype
  17   1       
  18   1       
  19   1        /*set the time and Date only once */
  20   1        ds1307_SetTime(0x23,0x59,0x30);  //  
*** WARNING C206 IN LINE 20 OF MAIN.C: 'ds1307_SetTime': missing function-prototype
*** ERROR C267 IN LINE 20 OF MAIN.C: 'ds1307_SetTime': requires ANSI-style prototype
  21   1        ds1307_SetDate(0x31,0x12,0x19);  //  
  22   1       
  23   1        /* Display "time" on first line*/
  24   1        lcd_DisplayString("Time: ");
  25   1       
  26   1         /* Display "date" on Second line*/
  27   1        lcd_GoToLineTwo();
  28   1        lcd_DisplayString("Date: ");
  29   1       
  30   1         /* Display the time and date continously */ 
  31   1         while(1)
  32   1          {
  33   2                 /* Read the Time from RTC(ds1307) */ 
  34   2              ds1307_GetTime(&hour,&min,&sec);        
  35   2       
  36   2                      /* Display the time on firstline 7th position*/
  37   2       
  38   2               lcd_GoToXY(0,6);                
  39   2               lcd_DisplayRtcTime(hour,min,sec);
  40   2       
  41   2       
  42   2                  /* Read the Date from RTC(ds1307) */ 
  43   2              ds1307_GetDate(&day,&month,&year);        
  44   2       
  45   2                      /* Display the Date on secondline 7th position*/
  46   2               lcd_GoToXY(1,6);                
  47   2               lcd_DisplayRtcDate(day,month,year);
C51 COMPILER V9.01   MAIN                                                                  11/24/2020 20:22:04 PAGE 2   

  48   2           }
  49   1      }

C51 COMPILATION COMPLETE.  7 WARNING(S),  1 ERROR(S)
