C51 COMPILER V9.01   LCD8                                                                  10/29/2020 09:42:11 PAGE 1   


C51 COMPILER V9.01, COMPILATION OF MODULE LCD8
OBJECT MODULE PLACED IN .\LCD8.obj
COMPILER INVOKED BY: C:\Keil\C51\BIN\C51.EXE ..\LibTT\LCD8.c BROWSE DEBUG OBJECTEXTEND PRINT(.\LCD8.lst) OBJECT(.\LCD8.o
                    -bj)

line level    source

   1          #include <REGX52.H>
   2          
   3          #include "port.h"
   4          #include"..\libTT\delay.h"
   5          #include"..\libTT\LCD8.h"
   6          
   7          void Lcd_Cmd(unsigned char cmd)
   8          {
   9   1              LCD_RS = 0;
  10   1              LCD_DATA = cmd;
  11   1              LCD_EN = 0;
  12   1              LCD_EN = 1;
  13   1      
  14   1              if(cmd<=0x02)
  15   1              {
  16   2                      delay(2);
  17   2              }
  18   1              else
  19   1              {
  20   2                      delay(1);
  21   2              }
  22   1      }
  23          
  24          void Lcd_Chr_Cp(char c)         // Current Position
  25          {
  26   1              LCD_RS = 1;
  27   1              LCD_DATA = c;
  28   1              LCD_EN = 0;
  29   1              LCD_EN = 1;
  30   1              delay(1);
  31   1      }
  32          
  33          // Xuat ra man hinh LCD 1 ky tu, ngay tai vi tri dong row, cot col
  34          void Lcd_Chr(unsigned char row, unsigned char col, char c)
  35          {
  36   1              unsigned char cmd;
  37   1      
  38   1              // Di chuyen co tro den vi tri can thiet
  39   1              cmd = (row==1?0x80:0xC0) + col - 1;
  40   1              Lcd_Cmd(cmd);
  41   1      
  42   1              // Xuat ky tu
  43   1              Lcd_Chr_Cp(c);
  44   1      }       
  45          
  46          void Lcd_Out_Cp(char *str)
  47          {
  48   1              unsigned char i = 0;
  49   1              while(str[i]!=0)
  50   1              {
  51   2                      Lcd_Chr_Cp(str[i]);
  52   2                      i++;
  53   2              }
  54   1      }
C51 COMPILER V9.01   LCD8                                                                  10/29/2020 09:42:11 PAGE 2   

  55          
  56          void Lcd_Out(unsigned char row, unsigned char col, char *str)
  57          {
  58   1              unsigned char cmd;
  59   1      
  60   1              // Di chuyen co tro den vi tri can thiet
  61   1              cmd = (row==1?0x80:0xC0) + col - 1;
  62   1              Lcd_Cmd(cmd);
  63   1      
  64   1              Lcd_Out_Cp(str);
  65   1      }
  66          
  67          void Lcd_Init()
  68          {
  69   1              Lcd_Cmd(0x30);
  70   1              delay(5);
  71   1              Lcd_Cmd(0x30);
  72   1              delay(1);
  73   1              Lcd_Cmd(0x30);
  74   1      
  75   1              Lcd_Cmd(0x38);          // So dong hien thi la 2, font 5x8
  76   1      
  77   1              Lcd_Cmd(0x01);          // Xoa noi dung hien thi
  78   1              Lcd_Cmd(0x0C);          // Bat hien thi va tat con tro
  79   1      }


MODULE INFORMATION:   STATIC OVERLAYABLE
   CODE SIZE        =    174    ----
   CONSTANT SIZE    =   ----    ----
   XDATA SIZE       =   ----    ----
   PDATA SIZE       =   ----    ----
   DATA SIZE        =   ----       8
   IDATA SIZE       =   ----    ----
   BIT SIZE         =   ----    ----
END OF MODULE INFORMATION.


C51 COMPILATION COMPLETE.  0 WARNING(S),  0 ERROR(S)
